/*C4*/SET SCHEMA PUBLIC
DISCONNECT
/*C3*/SET SCHEMA PUBLIC
DISCONNECT
/*C5*/SET SCHEMA PUBLIC
DISCONNECT
/*C6*/SET SCHEMA PUBLIC
DISCONNECT
/*C9*/SET SCHEMA PUBLIC
INSERT INTO ALUNOS VALUES(1,'teste1','2000-01-01','ADS',1000.00,'teste1@teste')
COMMIT
/*C10*/SET SCHEMA PUBLIC
INSERT INTO ALUNOS VALUES(2,'teste2','2002-02-02','BCC',2000.00,'teste2@teste')
COMMIT
/*C12*/SET SCHEMA PUBLIC
DISCONNECT
/*C10*/DISCONNECT
/*C9*/DISCONNECT
/*C8*/SET SCHEMA PUBLIC
DISCONNECT
/*C11*/SET SCHEMA PUBLIC
DISCONNECT
/*C7*/SET SCHEMA PUBLIC
DISCONNECT
/*C18*/SET SCHEMA PUBLIC
DELETE FROM ALUNOS WHERE RA=1
INSERT INTO ALUNOS VALUES(1,'teste11111','2000-01-01','ADS',1000.00,'teste1@teste')
COMMIT
DISCONNECT
/*C17*/SET SCHEMA PUBLIC
DISCONNECT
/*C16*/SET SCHEMA PUBLIC
DISCONNECT
/*C15*/SET SCHEMA PUBLIC
DISCONNECT
/*C14*/SET SCHEMA PUBLIC
DISCONNECT
/*C13*/SET SCHEMA PUBLIC
DISCONNECT
/*C19*/SET SCHEMA PUBLIC
INSERT INTO ALUNOS VALUES(6,'teste6','2006-06-06','ADS',6000.00,'teste6@teste')
COMMIT
/*C23*/SET SCHEMA PUBLIC
DELETE FROM ALUNOS WHERE RA=2
INSERT INTO ALUNOS VALUES(2,'teste2','2002-02-02','BCC',2222.00,'teste2@teste')
COMMIT
DISCONNECT
/*C22*/SET SCHEMA PUBLIC
DISCONNECT
/*C24*/SET SCHEMA PUBLIC
DISCONNECT
/*C21*/SET SCHEMA PUBLIC
DISCONNECT
/*C19*/DISCONNECT
/*C20*/SET SCHEMA PUBLIC
DISCONNECT
